PROF NODALL 0 a.out 1010597040 0
t 1 267
p 0
f aical.f
r aical 1 7 13 0.000158397 0.000158397
f bizarre.f
r bizarre 1 6 6 3.01148e-05 3.01148e-05
r bizset 1 27 1 3.90634e-05 3.90634e-05
f cdetcomp.f
r cdetcomp 1 8 416 0.0101216 0.000336316
f char_str.f
r lench 1 37 12654 0.0070109 0.0070109
r rmsp 1 79 815 0.00190444 0.00167294
r norstr 1 138 860 0.00386752 0.00220579
r strcnt 1 241 29 0.000115022 0.000115022
r upcase 1 351 9868 0.00304755 0.00304755
r stspli 1 383 521 0.00344286 0.00344286
r nitchs 1 491 269 0.0020313 0.000733779
r locase 1 538 2 2.76882e-06 2.76882e-06
f chebi_pol.f
r chebym 1 18 640 0.000331319 0.000331319
r chebyd 1 56 2396 0.00209594 0.00209594
r lgnint 1 121 20 0.00240211 0.000820325
r pcwlgi 1 228 1608 0.0118296 0.0066376
r smoocn 1 485 788 0.000693922 0.000644018
f choosedeg.f
r choosedeg 1 3 156 0.0001193 0.0001193
f clevcompsylv.f
r clevcompsylv 1 7 416 0.00019566 0.00019566
f close_app.f
r cloapp 1 46 4463 0.124953 0.00198752
r strclan 1 188 12 0.00163692 0.00154493
r cov_not_av 1 340 1 4.67072e-05 4.67072e-05
r clotest 1 357 12 0.0027116 4.51952e-05
r stepcon 1 394 288 0.00152559 0.000838378
r falsi 1 426 288 0.12144 0.000433507
r strclo 1 579 12 0.000259372 0.000138292
r rkg 1 674 24 0.0911116 0.00257695
r fctcl 1 781 504 0.0885347 0.000367425
f code_inp.f
r code_inp 1 8 13 0.00031596 0.00031596
f comp_heart.f
r comp_heart 1 8 13 0.0304979 0.00154634
f compute_minima.f
r compute_minima 1 7 13 0.0322737 0.000153204
f d2eval.f
r d2eval 1 7 78 6.99479e-05 6.99479e-05
f dcabs1.f
r dcabs1 1 1 9734 0.00232604 0.00232604
f decode_out.f
r decode_out 1 7 104 0.000195125 0.000195125
f eigen_val.f
r rs 1 1 2 0.000983854 5.70714e-05
r tred2 1 305 2 0.000838378 0.000838378
r tql2 1 444 2 8.84053e-05 8.84053e-05
f file_oper.f
r filopn 1 37 56 0.00392737 0.00392737
r filclo 1 97 73 0.0020964 0.0020654
r filass 1 144 2 2.10661e-05 2.10661e-05
r filopl 1 185 18 0.0012423 0.0012423
r libini 1 250 1 0.000605415 0.000482532
f finele.f
r finele 1 5 2 0.0036547 8.34865e-05
r wriequ 1 124 1 0.000161732 0.000161732
f finobs.f
r finobs 1 5 2 0.0280898 8.61427e-05
f finopt.f
r finopt 1 7 1 0.0168396 0.000163787
f fitobs.f
r fitobs 1 18 1 17.6154 1.93672
f fitsubs.f
r whicor 1 21 1 6.30855e-05 6.30855e-05
r cheobs 1 101 1 4.18997e-05 4.18997e-05
r chetim 1 121 1 4.92018e-06 4.92018e-06
f force13.f
r force_13 1 18 78873 11.2659 2.01939
f force_model.f
r radar_ob 1 37 1 2.35499e-05 2.35499e-05
r rmodel 1 95 1 0.00417042 8.14316e-05
r selmet 1 200 12 4.93741e-05 4.93741e-05
r force 1 352 504 0.0881672 0.0143734
r j2sun 1 640 79377 0.0712228 0.0516535
r eihrel 1 752 79377 6.43228 6.43228
r yarkinit 1 1314 1 2.01506e-05 2.01506e-05
r selpert 1 1456 1 0.00034747 0.000206647
f gauini.f
r gauini 1 13 1 8.22442e-05 3.79612e-05
f header_input.f
r rdfnam 1 35 1 0.000280466 0.000160959
r rdfcha 1 134 2 5.32325e-05 4.86132e-05
r rdftim 1 461 1 2.02339e-05 2.02339e-05
r rdfref 1 544 1 7.4361e-05 2.23606e-05
r splkvc 1 627 4 0.000112195 6.20163e-05
r chkfln 1 721 106 4.66309e-05 4.66309e-05
r getrsc 1 763 19 0.000314139 0.000314139
f hess.f
r hess 1 7 78 0.00011554 0.00011554
f iers_ser.f
r delthp 1 55 402 0.00285324 0.000266863
r diurot 1 113 402 0.0332638 0.00193364
r equeqd 1 413 402 0.0212123 0.000511229
r gmstd 1 506 402 0.000321218 0.000321218
r ierini 1 578 1 0.456116 0.422358
r iersts 1 935 1608 0.469895 0.00151569
r nutnd 1 1244 804 0.501519 0.000702776
r nutwhr 1 1314 804 0.0359518 0.0359518
r obleqd 1 1611 1206 0.000442056 0.000442056
r precd 1 1684 1608 0.0148388 0.00385633
r rnutd 1 2004 402 0.486606 0.0014681
r rotpv 1 2111 402 0.553042 0.00136533
r rotsys 1 2270 804 0.550011 0.00575763
r xypol 1 2564 402 0.00270903 0.000264449
r sv2int 1 2625 1 2.9604e-05 2.07881e-05
f iodini.f
r iodini 1 14 1 0.000381951 5.47287e-05
f irvfft.f
r irvfft 1 11 13 0.000167862 0.000167862
f izamax.f
r izamax 1 1 2496 0.00497809 0.00265206
f jpl_ephem.f
r earth 1 33 1 0.000227904 2.30134e-05
r earcar 1 73 1110 0.0265727 0.00149087
r rdbep 1 135 41164 1.63452 0.0973138
r fszer2 1 251 1 0.000297002 0.000279653
r dpleph 1 371 1111 0.0172648 0.00156272
r state 1 543 42276 1.03577 0.218824
r interp 1 812 414397 0.771723 0.771723
r split 1 1011 126825 0.044924 0.044924
r masjpl 1 1191 13 0.003879 0.0021737
r trange 1 1371 1 0.00233312 5.47804e-05
f least_sq.f
r fdifco 1 42 1 13.1383 0.000323995
r radres 1 308 1 0.0011253 0.00105424
r outcov 1 405 1 0.00201882 0.00107078
r difcor 1 508 1 12.6256 0.00408118
r sincor 1 902 6 12.6175 0.00161841
r minsol 1 1024 6 0.000946158 0.00074677
r invmat 1 1179 6 0.000199388 9.33185e-05
r srtoss 1 1288 1 0.000570773 0.000533569
r unsort 1 1359 2 5.97304e-05 5.97304e-05
r rescov 1 1382 1 5.40037e-05 5.40037e-05
r difini 1 1412 1 0.000100608 5.45108e-05
r reject 1 1476 3 0.00332724 0.00249117
r entopp 1 1734 11 6.27171e-05 6.27171e-05
r rejini 1 1759 1 0.000127595 2.05329e-05
r magest 1 1833 1 0.000376149 0.000362857
f math_lib.f
r princ 1 68 496737 0.18768 0.18768
r prscal 1 78 89100 0.0219406 0.0219406
r prvec 1 95 1774 0.000504217 0.000504217
r vsize 1 115 7685 0.00256934 0.00256934
r prodmv 1 136 7898 0.00228582 0.00228582
r mulmat 1 148 996 0.00428095 0.00428095
r lincom 1 181 952 0.000323158 0.000323158
r tchol 1 221 26 0.00047593 0.00047593
r inver 1 286 26 0.000868537 0.000868537
r mult3 1 337 2338 0.00100877 0.00100877
r rotmt 1 365 12016 0.00507052 0.00507052
r trsp 1 409 816 0.000335976 0.000335976
r prodmm 1 443 18492 0.00735407 0.00735407
r snorm 1 473 6 2.47164e-05 2.47164e-05
r snormd 1 490 6 3.74774e-05 3.74774e-05
r vdiff 1 504 2522 0.000691847 0.000691847
r matin 1 554 1 4.99045e-05 4.99045e-05
r vcopy 1 654 1 2.15014e-05 2.15014e-05
r mcopy 1 666 12 4.38988e-05 4.38988e-05
r pridif 1 700 816 0.001308 0.000571459
r intlo 1 732 1760 0.000599409 0.000599409
r vsumg 1 800 882 0.000351577 0.000351577
r prscag 1 810 1850 0.00065265 0.00065265
r inv22 1 822 204 0.000711499 0.000711499
r assmat 1 1083 13668 0.00361704 0.00361704
r pdmat 1 1114 8040 0.010478 0.00524005
r pd1mat 1 1149 5226 0.0105116 0.00466378
r prodvs 1 1219 402 0.000123976 0.000123976
r rotmt1 1 1256 5226 0.00230678 0.00230678
r summat 1 1366 5226 0.00170173 0.00170173
r sumv 1 1391 804 0.000212659 0.000212659
r trsp3 1 1419 1206 0.000421787 0.000421787
r heapsort 1 1441 4 0.000185374 0.000185374
r roff 1 1563 337 0.000130087 0.000130087
r truncat 1 1588 640 0.000222097 0.000222097
f matrixdat.f
r matrixdat 1 7 13 0.000140746 0.000140746
f moid_compute.f
r nodedi 1 375 1 4.68884e-05 2.76743e-05
f mutualrefcha.f
r mutualrefcha 1 7 13 0.000427226 0.000140002
r compxyz 1 156 52 7.80043e-05 7.80043e-05
r lenght 1 192 130 5.65057e-05 5.65057e-05
r normalize 1 201 91 0.000103751 5.98091e-05
r ptriple 1 214 39 6.3736e-05 4.40609e-05
f nomoid.new.f
r nomoid 1 7 1 0.00313324 2.26661e-05
f obs_compute.f
r alfdel 1 48 408 11.1894 0.00157698
r ossdif 1 157 408 0.044228 0.00296277
r appmag 1 358 408 0.000878751 0.000878751
r aber1 1 703 408 0.000393644 0.000230739
r rrdot 1 719 96 1.42311 0.00231178
r deltau 1 978 698 0.00255678 0.00138156
r deldop1 1 1037 192 7.58474e-05 7.58474e-05
r deldop2 1 1059 192 0.000196825 0.000196825
f obs_wei.f
r obsrms 1 57 1 0.00127105 7.4327e-05
r fitwgt 1 315 1 5.5314e-05 5.5314e-05
r iaucod 1 364 68 0.000489178 0.000192357
r wrirwo 1 592 1 0.00820488 0.00612588
r wrirms 1 820 1 0.00621686 0.00463235
r inobs 1 1525 1 0.0279395 0.00149818
r astrow 1 2057 68 0.000857307 0.000813222
r magrms 1 2148 79 0.000352706 7.61799e-05
r mpcin 1 3156 1 0.0155899 0.00271315
r mpctr 1 3297 68 0.0127301 0.00154657
r jplin 1 3659 1 0.00124075 0.000318358
r jplrad 1 3749 16 0.000800624 0.00056604
r station 1 3878 32 3.73484e-05 3.73484e-05
r astrad 1 3908 1 0.00208974 0.00176626
f option_input.f
r namini 1 43 1 0.000145934 0.000100933
r rdnam 1 67 2 0.00386448 0.000684818
r rdnam1 1 218 1 0.00264616 0.00178883
r rdklst 1 703 1 0.00665041 0.000524345
r rdkls1 1 884 8 0.00566714 0.00301802
r chkkey 1 1053 1 0.000325455 0.000263996
r rdncha 1 1138 13 0.00027142 6.38491e-05
r rdnint 1 1232 38 0.000564598 0.000153391
r rdnlog 1 1326 10 0.000167254 6.08386e-05
r rdnrea 1 1420 27 0.000422393 0.000152415
r rdmcha 1 2203 1 4.34825e-05 2.0477e-05
r getkv 1 2302 90 0.000816983 0.000753667
f orb_els.f
r coocha 1 74 247376 1.54061 0.441965
r prop2b 1 313 308 0.00208159 0.00148114
r carequ 1 487 323 0.00236494 0.00134809
r equcar 1 589 247052 0.758321 0.6648
r kepequ 1 681 247036 0.337875 0.2449
r equkep 1 710 26 8.83709e-05 5.83082e-05
r rdelem 1 920 1 0.00332808 8.05827e-05
r wromlh 1 1480 1 0.000253323 0.00025217
r wromlr 1 1536 1 0.000521241 0.000484257
r oefdet 1 1953 1 0.000458637 0.000388309
r rdoef 1 2474 1 0.00268691 0.000120884
r fixcnm 1 2618 1 5.49913e-05 5.1619e-05
r oporbf 1 2784 1 0.000488599 3.17274e-05
r clorbf 1 2899 1 5.63678e-05 2.0206e-05
r rdorb 1 2944 1 0.00195767 0.0015585
f planast.f
r planast 1 7 78873 2.78437 0.162768
f pol_zeros.f
r polzeros 1 147 13 0.0162689 0.00182499
r newton 1 241 2530 0.00480853 0.00480853
r aberth 1 316 2270 0.00870532 0.00870532
r pzstart 1 360 13 0.000930062 0.000248741
r cnvex 1 460 13 0.000681322 0.000113431
r left 1 501 260 8.5677e-05 8.5677e-05
r right 1 525 260 0.000120175 0.000120175
r cmerge 1 550 247 0.00056789 0.000277004
r ctest 1 609 273 8.50339e-05 8.50339e-05
f propag_state.f
r set_restart 1 58 517 0.000198576 0.000198576
r propag 1 97 504 11.9901 0.00171039
r inivar 1 320 12 3.61134e-05 3.61134e-05
r varwra 1 346 504 0.000273938 0.000273938
r propin 1 404 504 11.9651 0.00152378
r legnum 1 1068 1 0.000714039 0.000619347
r inipro 1 1156 1 0.00113304 6.58119e-05
r compco 1 1317 1 2.18055e-05 2.18055e-05
r rapred 1 1980 4943 0.0107875 0.0107875
r rabeta 1 2018 5081 0.011738 0.011738
r bintrp 1 2049 4451 0.0541968 0.0541968
r radcon 1 2089 492 0.001314 0.001314
r invaxv 1 2156 492 0.000524987 0.000524987
r vawrxv 1 2182 972 0.000621116 0.000621116
r varunw 1 2204 480 0.000245427 0.000245427
f ra15v_f13.f
r ra15 1 20 492 11.9583 0.0239223
r rasust 1 382 10540 10.8295 0.465456
f ref_syst.f
r pvobs 1 97 408 0.0391084 0.00135316
r pvobs2 1 177 402 0.553807 0.000453962
r rotpn 1 241 1522 0.0163111 0.00763039
r obleq 1 419 2338 0.000763938 0.000763938
r rnut80 1 462 408 0.00277481 0.000723665
r prec 1 508 408 0.00115773 0.000602931
r nutn80 1 579 816 0.00376375 0.00376375
r equequ 1 736 408 0.00295782 0.000437855
r gmst 1 771 408 0.000256537 0.000256537
r obscoo 1 818 810 0.0209876 0.0207594
r chkref 1 940 3045 0.002174 0.002174
r ch2ref 1 985 1 5.20004e-05 2.38679e-05
f rvfft.f
r rvfft 1 22 221 0.00113134 0.00113134
f solv20.f
r solv20 1 18 13 0.0163235 5.45797e-05
f solvesystem.f
r solvesystem 1 8 13 0.00024421 0.00024421
f sortd2.f
r sortd2 1 7 13 0.000135573 7.42837e-05
r confr 1 31 195 6.12894e-05 6.12894e-05
f time_scales.f
r ch2tim 1 42 1 7.86125e-05 4.39663e-05
r tjm1 1 238 10169 0.00543098 0.00543098
r timnf 1 289 4712 0.00312403 0.00241015
r itaiut 1 386 10117 0.00352208 0.00335556
r chktsc 1 515 1 2.2287e-05 2.2287e-05
r cnvtim 1 558 493 0.00549364 0.00273412
r deltt 1 751 1225 0.00232583 0.00201961
r mjddat 1 887 220 0.00129793 0.000698522
r bessep 1 952 1608 0.000433663 0.000433663
r chmo2i 1 977 9865 0.0198557 0.0168111
r times 1 1021 402 0.000618791 0.000618791
f util_suit.f
r sessag 1 99 272 0.00126659 0.00107454
r rdanga 1 141 136 0.00934569 0.00353076
r chkpdf 1 229 2525 0.000705933 0.000705933
r tee 1 250 7 0.0015434 0.0015434
r menu 1 263 4 2.98556 2.98556
f zgeru.f
r zgeru 1 1 2080 0.00131189 0.00131189
f zgetf2.f
r zgetf2 1 1 416 0.00978532 0.00235339
f zscal.f
r zscal 1 1 2066 0.000688645 0.000688645
f zswap.f
r zswap 1 1 988 0.000453301 0.000453301
z
